[ec2-user@ip-172-31-7-81 cdk]$ npx cdk bootstrap
Need to install the following packages:
cdk@2.1134.0
Ok to proceed? (y) y
npm warn exec The following package was not found and will be installed: ts-node@10.9.2
/home/ec2-user/.npm/_npx/1bf7c3c15bf47d04/node_modules/ts-node/dist/configuration.js:91
    const { fileExists = ts.sys.fileExists, readFile = ts.sys.readFile, skipProject = index_1.DEFAULTS.skipProject, project = index_1.DEFAULTS.project, tsTrace = index_1.DEFAULTS.tsTrace, } = rawApiOptions;
                                ^

TypeError: Cannot read properties of undefined (reading 'fileExists')
    at readConfig (/home/ec2-user/.npm/_npx/1bf7c3c15bf47d04/node_modules/ts-node/dist/configuration.js:91:33)
    at findAndReadConfig (/home/ec2-user/.npm/_npx/1bf7c3c15bf47d04/node_modules/ts-node/dist/configuration.js:50:84)
    at phase3 (/home/ec2-user/.npm/_npx/1bf7c3c15bf47d04/node_modules/ts-node/dist/bin.js:254:67)
    at bootstrap (/home/ec2-user/.npm/_npx/1bf7c3c15bf47d04/node_modules/ts-node/dist/bin.js:47:30)
    at main (/home/ec2-user/.npm/_npx/1bf7c3c15bf47d04/node_modules/ts-node/dist/bin.js:33:12)
    at Object.<anonymous> (/home/ec2-user/.npm/_npx/1bf7c3c15bf47d04/node_modules/ts-node/dist/bin.js:579:5)
    at Module._compile (node:internal/modules/cjs/loader:1854:14)
    at Object..js (node:internal/modules/cjs/loader:1985:10)
    at Module.load (node:internal/modules/cjs/loader:1577:32)
    at Module._load (node:internal/modules/cjs/loader:1379:12)

Node.js v24.16.0
npx ts-node --prefer-ts-exts bin/rapid.ts: Subprocess exited with error 1
npm notice
npm notice New major version of npm available! 11.13.0 -> 12.0.2
npm notice Changelog: https://github.com/npm/cli/releases/tag/v12.0.2
npm notice To update run: npm install -g npm@12.0.2
npm notice
